// Jest Snapshot v1, https://goo.gl/fbAQLP

exports[`Runs Main: Initial render should match snapshot 1`] = `
Object {
  "asFragment": [Function],
  "baseElement": <body>
    <div>
      <title>
        Run Totals
      </title>
      <link
        href="../../public/favicon.ico"
        rel="icon"
        type="image/png"
      />
      <nav
        class="navbar navbar-expand-lg navbar-dark bg-dark sticky-top"
        data-testid="nav-bar-header"
      >
        <button
          aria-controls="responsive-navbar-nav"
          aria-label="Toggle navigation"
          class="navbar-toggler collapsed"
          type="button"
        >
          <span
            class="navbar-toggler-icon"
          />
        </button>
        <span
          class="navBar-title navbar-brand"
        >
          Run Totals
        </span>
        <div
          class="navbar-collapse collapse"
          id="responsive-navbar-nav"
        >
          <div
            class="navbar-nav"
          >
            <div
              class="dropdown nav-item"
            >
              <a
                aria-expanded="false"
                aria-haspopup="true"
                class="dropdown-toggle nav-link"
                href="#"
                id="nav-title"
                role="button"
              >
                Account
              </a>
            </div>
          </div>
        </div>
        <button
          class="btn btn-primary"
          type="button"
        >
          Add run
        </button>
      </nav>
      <div
        class="background-grey"
      >
        <div
          class="container"
        >
          <div
            class="run-container container"
          >
            <div
              class="flex-table run-row-header row"
            >
              <div
                class="col"
              >
                ded
              </div>
              <div
                class="text-right col-4"
              >
                 
                28/03/2021
              </div>
              <div
                class="col-2-run-header col-2"
              >
                <button
                  class="btn btn-link"
                  data-placement="right"
                  data-toggle="tooltip"
                  title="Edit Run"
                >
                  <svg
                    class="bi bi-pencil-fill svg-align"
                    xmlns="http://www.w3.org/2000/svg"
                  >
                    <path
                      d="M12.854.146a.5.5 0 0 0-.707 0L10.5 1.793 14.207 5.5l1.647-1.646a.5.5 0 0 0 0-.708l-3-3zm.646 6.061L9.793 2.5 3.293 9H3.5a.5.5 0 0 1 .5.5v.5h.5a.5.5 0 0 1 .5.5v.5h.5a.5.5 0 0 1 .5.5v.5h.5a.5.5 0 0 1 .5.5v.207l6.5-6.5zm-7.468 7.468A.5.5 0 0 1 6 13.5V13h-.5a.5.5 0 0 1-.5-.5V12h-.5a.5.5 0 0 1-.5-.5V11h-.5a.5.5 0 0 1-.5-.5V10h-.5a.499.499 0 0 1-.175-.032l-.179.178a.5.5 0 0 0-.11.168l-2 5a.5.5 0 0 0 .65.65l5-2a.5.5 0 0 0 .168-.11l.178-.178z"
                    />
                  </svg>
                </button>
              </div>
            </div>
            <div
              class="accordion"
            >
              <button
                class="toggle-btn btn-bold btn-sm btn btn-link"
                data-placement="right"
                data-testid="expand-collapse-toggle"
                type="button"
              >
                <svg
                  class="bi bi-chevron-expand svg-bold-align"
                  viewBox="0 0 16 16"
                  xmlns="http://www.w3.org/2000/svg"
                >
                  <path
                    d="M3.646 9.146a.5.5 0 0 1 .708 0L8 12.793l3.646-3.647a.5.5 0 0 1 .708.708l-4 4a.5.5 0 0 1-.708 0l-4-4a.5.5 0 0 1 0-.708zm0-2.292a.5.5 0 0 0 .708 0L8 3.207l3.646 3.647a.5.5 0 0 0 .708-.708l-4-4a.5.5 0 0 0-.708 0l-4 4a.5.5 0 0 0 0 .708z"
                  />
                </svg>
              </button>
              <div
                class="collapse"
              >
                <div>
                  <div
                    class="flex-table"
                  >
                    <div
                      class="child"
                    >
                      Lap
                    </div>
                    <div
                      class="child"
                    >
                      Act?
                    </div>
                    <div
                      class="child"
                    >
                      Time
                    </div>
                    <div
                      class="child"
                    >
                      Dist
                    </div>
                    <div
                      class="child"
                    >
                      Pace
                    </div>
                    <div
                      class="child-wide"
                    />
                  </div>
                  <div>
                    <div
                      class="flex-container background-slate-grey"
                      testid="lap-no-1"
                    >
                      <div
                        class="child"
                        id="lap-no"
                      >
                        1
                         
                      </div>
                      <div
                        class="child"
                        id="is-active"
                      >
                        <input
                          checked=""
                          name="is-active"
                          type="checkbox"
                        />
                      </div>
                      <div
                        class="child text-green"
                        id="lap-time"
                      >
                        00:05:45
                      </div>
                      <div
                        class="child text-green"
                        id="lap-distance"
                      >
                        1.4
                      </div>
                      <div
                        class="child text-green"
                        id="lap-pace"
                      >
                        00:04:06
                      </div>
                      <button
                        class="btn btn-link-white"
                        data-placement="right"
                        data-toggle="tooltip"
                        title="Edit Lap"
                      >
                        <svg
                          class="bi bi-pencil-fill svg-align"
                          xmlns="http://www.w3.org/2000/svg"
                        >
                          <path
                            d="M12.854.146a.5.5 0 0 0-.707 0L10.5 1.793 14.207 5.5l1.647-1.646a.5.5 0 0 0 0-.708l-3-3zm.646 6.061L9.793 2.5 3.293 9H3.5a.5.5 0 0 1 .5.5v.5h.5a.5.5 0 0 1 .5.5v.5h.5a.5.5 0 0 1 .5.5v.5h.5a.5.5 0 0 1 .5.5v.207l6.5-6.5zm-7.468 7.468A.5.5 0 0 1 6 13.5V13h-.5a.5.5 0 0 1-.5-.5V12h-.5a.5.5 0 0 1-.5-.5V11h-.5a.5.5 0 0 1-.5-.5V10h-.5a.499.499 0 0 1-.175-.032l-.179.178a.5.5 0 0 0-.11.168l-2 5a.5.5 0 0 0 .65.65l5-2a.5.5 0 0 0 .168-.11l.178-.178z"
                          />
                        </svg>
                      </button>
                    </div>
                  </div>
                  <div
                    class="container"
                  >
                    <button
                      class="btn btn-primary"
                      type="button"
                    >
                      + lap
                    </button>
                  </div>
                </div>
              </div>
            </div>
            <div>
              <table
                id="lapTotals"
              >
                <tbody>
                  <tr
                    class="background-lemon"
                  >
                    <th />
                    <th>
                      Total
                    </th>
                    <th>
                      Active
                    </th>
                  </tr>
                  <tr>
                    <td
                      class="text-lemon"
                    >
                      Time:
                    </td>
                    <td
                      class="text-coral"
                      data-testid="total-time"
                    >
                      00:05:45
                    </td>
                    <td
                      class="text-green"
                      data-testid="active-time"
                    >
                      00:05:45
                    </td>
                  </tr>
                  <tr>
                    <td
                      class="text-lemon"
                    >
                      Dist:
                    </td>
                    <td
                      class="text-coral"
                      data-testid="total-distance"
                    >
                      1.4
                       Miles
                    </td>
                    <td
                      class="text-green"
                      data-testid="active-distance"
                    >
                      1.4
                       Miles
                    </td>
                  </tr>
                  <tr>
                    <td
                      class="text-lemon"
                    >
                      Pace:
                    </td>
                    <td
                      class="text-coral"
                      data-testid="total-pace"
                    >
                      00:04:06
                    </td>
                    <td
                      class="text-green"
                      data-testid="active-pace"
                    >
                      00:04:06
                    </td>
                  </tr>
                </tbody>
              </table>
            </div>
          </div>
          <div
            class="run-container container"
          >
            <div
              class="flex-table run-row-header row"
            >
              <div
                class="col"
              >
                hoh
              </div>
              <div
                class="text-right col-4"
              >
                 
                28/03/2021
              </div>
              <div
                class="col-2-run-header col-2"
              >
                <button
                  class="btn btn-link"
                  data-placement="right"
                  data-toggle="tooltip"
                  title="Edit Run"
                >
                  <svg
                    class="bi bi-pencil-fill svg-align"
                    xmlns="http://www.w3.org/2000/svg"
                  >
                    <path
                      d="M12.854.146a.5.5 0 0 0-.707 0L10.5 1.793 14.207 5.5l1.647-1.646a.5.5 0 0 0 0-.708l-3-3zm.646 6.061L9.793 2.5 3.293 9H3.5a.5.5 0 0 1 .5.5v.5h.5a.5.5 0 0 1 .5.5v.5h.5a.5.5 0 0 1 .5.5v.5h.5a.5.5 0 0 1 .5.5v.207l6.5-6.5zm-7.468 7.468A.5.5 0 0 1 6 13.5V13h-.5a.5.5 0 0 1-.5-.5V12h-.5a.5.5 0 0 1-.5-.5V11h-.5a.5.5 0 0 1-.5-.5V10h-.5a.499.499 0 0 1-.175-.032l-.179.178a.5.5 0 0 0-.11.168l-2 5a.5.5 0 0 0 .65.65l5-2a.5.5 0 0 0 .168-.11l.178-.178z"
                    />
                  </svg>
                </button>
              </div>
            </div>
            <div
              class="accordion"
            >
              <button
                class="toggle-btn btn-bold btn-sm btn btn-link"
                data-placement="right"
                data-testid="expand-collapse-toggle"
                type="button"
              >
                <svg
                  class="bi bi-chevron-expand svg-bold-align"
                  viewBox="0 0 16 16"
                  xmlns="http://www.w3.org/2000/svg"
                >
                  <path
                    d="M3.646 9.146a.5.5 0 0 1 .708 0L8 12.793l3.646-3.647a.5.5 0 0 1 .708.708l-4 4a.5.5 0 0 1-.708 0l-4-4a.5.5 0 0 1 0-.708zm0-2.292a.5.5 0 0 0 .708 0L8 3.207l3.646 3.647a.5.5 0 0 0 .708-.708l-4-4a.5.5 0 0 0-.708 0l-4 4a.5.5 0 0 0 0 .708z"
                  />
                </svg>
              </button>
              <div
                class="collapsing"
              >
                <div>
                  <div
                    class="flex-table"
                  >
                    <div
                      class="child"
                    >
                      Lap
                    </div>
                    <div
                      class="child"
                    >
                      Act?
                    </div>
                    <div
                      class="child"
                    >
                      Time
                    </div>
                    <div
                      class="child"
                    >
                      Dist
                    </div>
                    <div
                      class="child"
                    >
                      Pace
                    </div>
                    <div
                      class="child-wide"
                    />
                  </div>
                  <div>
                    <div
                      class="flex-container background-slate-grey"
                      testid="lap-no-1"
                    >
                      <div
                        class="child"
                        id="lap-no"
                      >
                        1
                         
                      </div>
                      <div
                        class="child"
                        id="is-active"
                      >
                        <input
                          checked=""
                          name="is-active"
                          type="checkbox"
                        />
                      </div>
                      <div
                        class="child text-green"
                        id="lap-time"
                      >
                        00:03:03
                      </div>
                      <div
                        class="child text-green"
                        id="lap-distance"
                      >
                        0.8
                      </div>
                      <div
                        class="child text-green"
                        id="lap-pace"
                      >
                        00:03:49
                      </div>
                      <button
                        class="btn btn-link-white"
                        data-placement="right"
                        data-toggle="tooltip"
                        title="Edit Lap"
                      >
                        <svg
                          class="bi bi-pencil-fill svg-align"
                          xmlns="http://www.w3.org/2000/svg"
                        >
                          <path
                            d="M12.854.146a.5.5 0 0 0-.707 0L10.5 1.793 14.207 5.5l1.647-1.646a.5.5 0 0 0 0-.708l-3-3zm.646 6.061L9.793 2.5 3.293 9H3.5a.5.5 0 0 1 .5.5v.5h.5a.5.5 0 0 1 .5.5v.5h.5a.5.5 0 0 1 .5.5v.5h.5a.5.5 0 0 1 .5.5v.207l6.5-6.5zm-7.468 7.468A.5.5 0 0 1 6 13.5V13h-.5a.5.5 0 0 1-.5-.5V12h-.5a.5.5 0 0 1-.5-.5V11h-.5a.5.5 0 0 1-.5-.5V10h-.5a.499.499 0 0 1-.175-.032l-.179.178a.5.5 0 0 0-.11.168l-2 5a.5.5 0 0 0 .65.65l5-2a.5.5 0 0 0 .168-.11l.178-.178z"
                          />
                        </svg>
                      </button>
                    </div>
                  </div>
                  <div>
                    <div
                      class="flex-container background-slate-grey"
                      testid="lap-no-2"
                    >
                      <div
                        class="child"
                        id="lap-no"
                      >
                        2
                         
                      </div>
                      <div
                        class="child"
                        id="is-active"
                      >
                        <input
                          name="is-active"
                          type="checkbox"
                        />
                      </div>
                      <div
                        class="child text-coral"
                        id="lap-time"
                      >
                        00:10:12
                      </div>
                      <div
                        class="child text-coral"
                        id="lap-distance"
                      >
                        6
                      </div>
                      <div
                        class="child text-coral"
                        id="lap-pace"
                      >
                        00:01:42
                      </div>
                      <button
                        class="btn btn-link-white"
                        data-placement="right"
                        data-toggle="tooltip"
                        title="Edit Lap"
                      >
                        <svg
                          class="bi bi-pencil-fill svg-align"
                          xmlns="http://www.w3.org/2000/svg"
                        >
                          <path
                            d="M12.854.146a.5.5 0 0 0-.707 0L10.5 1.793 14.207 5.5l1.647-1.646a.5.5 0 0 0 0-.708l-3-3zm.646 6.061L9.793 2.5 3.293 9H3.5a.5.5 0 0 1 .5.5v.5h.5a.5.5 0 0 1 .5.5v.5h.5a.5.5 0 0 1 .5.5v.5h.5a.5.5 0 0 1 .5.5v.207l6.5-6.5zm-7.468 7.468A.5.5 0 0 1 6 13.5V13h-.5a.5.5 0 0 1-.5-.5V12h-.5a.5.5 0 0 1-.5-.5V11h-.5a.5.5 0 0 1-.5-.5V10h-.5a.499.499 0 0 1-.175-.032l-.179.178a.5.5 0 0 0-.11.168l-2 5a.5.5 0 0 0 .65.65l5-2a.5.5 0 0 0 .168-.11l.178-.178z"
                          />
                        </svg>
                      </button>
                    </div>
                  </div>
                  <div
                    class="container"
                  >
                    <button
                      class="btn btn-primary"
                      type="button"
                    >
                      + lap
                    </button>
                  </div>
                </div>
              </div>
            </div>
            <div>
              <table
                id="lapTotals"
              >
                <tbody>
                  <tr
                    class="background-lemon"
                  >
                    <th />
                    <th>
                      Total
                    </th>
                    <th>
                      Active
                    </th>
                  </tr>
                  <tr>
                    <td
                      class="text-lemon"
                    >
                      Time:
                    </td>
                    <td
                      class="text-coral"
                      data-testid="total-time"
                    >
                      00:13:15
                    </td>
                    <td
                      class="text-green"
                      data-testid="active-time"
                    >
                      00:03:03
                    </td>
                  </tr>
                  <tr>
                    <td
                      class="text-lemon"
                    >
                      Dist:
                    </td>
                    <td
                      class="text-coral"
                      data-testid="total-distance"
                    >
                      6.8
                       Miles
                    </td>
                    <td
                      class="text-green"
                      data-testid="active-distance"
                    >
                      0.8
                       Miles
                    </td>
                  </tr>
                  <tr>
                    <td
                      class="text-lemon"
                    >
                      Pace:
                    </td>
                    <td
                      class="text-coral"
                      data-testid="total-pace"
                    >
                      00:01:57
                    </td>
                    <td
                      class="text-green"
                      data-testid="active-pace"
                    >
                      00:03:49
                    </td>
                  </tr>
                </tbody>
              </table>
            </div>
          </div>
        </div>
      </div>
    </div>
  </body>,
  "container": <div>
    <title>
      Run Totals
    </title>
    <link
      href="../../public/favicon.ico"
      rel="icon"
      type="image/png"
    />
    <nav
      class="navbar navbar-expand-lg navbar-dark bg-dark sticky-top"
      data-testid="nav-bar-header"
    >
      <button
        aria-controls="responsive-navbar-nav"
        aria-label="Toggle navigation"
        class="navbar-toggler collapsed"
        type="button"
      >
        <span
          class="navbar-toggler-icon"
        />
      </button>
      <span
        class="navBar-title navbar-brand"
      >
        Run Totals
      </span>
      <div
        class="navbar-collapse collapse"
        id="responsive-navbar-nav"
      >
        <div
          class="navbar-nav"
        >
          <div
            class="dropdown nav-item"
          >
            <a
              aria-expanded="false"
              aria-haspopup="true"
              class="dropdown-toggle nav-link"
              href="#"
              id="nav-title"
              role="button"
            >
              Account
            </a>
          </div>
        </div>
      </div>
      <button
        class="btn btn-primary"
        type="button"
      >
        Add run
      </button>
    </nav>
    <div
      class="background-grey"
    >
      <div
        class="container"
      >
        <div
          class="run-container container"
        >
          <div
            class="flex-table run-row-header row"
          >
            <div
              class="col"
            >
              ded
            </div>
            <div
              class="text-right col-4"
            >
               
              28/03/2021
            </div>
            <div
              class="col-2-run-header col-2"
            >
              <button
                class="btn btn-link"
                data-placement="right"
                data-toggle="tooltip"
                title="Edit Run"
              >
                <svg
                  class="bi bi-pencil-fill svg-align"
                  xmlns="http://www.w3.org/2000/svg"
                >
                  <path
                    d="M12.854.146a.5.5 0 0 0-.707 0L10.5 1.793 14.207 5.5l1.647-1.646a.5.5 0 0 0 0-.708l-3-3zm.646 6.061L9.793 2.5 3.293 9H3.5a.5.5 0 0 1 .5.5v.5h.5a.5.5 0 0 1 .5.5v.5h.5a.5.5 0 0 1 .5.5v.5h.5a.5.5 0 0 1 .5.5v.207l6.5-6.5zm-7.468 7.468A.5.5 0 0 1 6 13.5V13h-.5a.5.5 0 0 1-.5-.5V12h-.5a.5.5 0 0 1-.5-.5V11h-.5a.5.5 0 0 1-.5-.5V10h-.5a.499.499 0 0 1-.175-.032l-.179.178a.5.5 0 0 0-.11.168l-2 5a.5.5 0 0 0 .65.65l5-2a.5.5 0 0 0 .168-.11l.178-.178z"
                  />
                </svg>
              </button>
            </div>
          </div>
          <div
            class="accordion"
          >
            <button
              class="toggle-btn btn-bold btn-sm btn btn-link"
              data-placement="right"
              data-testid="expand-collapse-toggle"
              type="button"
            >
              <svg
                class="bi bi-chevron-expand svg-bold-align"
                viewBox="0 0 16 16"
                xmlns="http://www.w3.org/2000/svg"
              >
                <path
                  d="M3.646 9.146a.5.5 0 0 1 .708 0L8 12.793l3.646-3.647a.5.5 0 0 1 .708.708l-4 4a.5.5 0 0 1-.708 0l-4-4a.5.5 0 0 1 0-.708zm0-2.292a.5.5 0 0 0 .708 0L8 3.207l3.646 3.647a.5.5 0 0 0 .708-.708l-4-4a.5.5 0 0 0-.708 0l-4 4a.5.5 0 0 0 0 .708z"
                />
              </svg>
            </button>
            <div
              class="collapse"
            >
              <div>
                <div
                  class="flex-table"
                >
                  <div
                    class="child"
                  >
                    Lap
                  </div>
                  <div
                    class="child"
                  >
                    Act?
                  </div>
                  <div
                    class="child"
                  >
                    Time
                  </div>
                  <div
                    class="child"
                  >
                    Dist
                  </div>
                  <div
                    class="child"
                  >
                    Pace
                  </div>
                  <div
                    class="child-wide"
                  />
                </div>
                <div>
                  <div
                    class="flex-container background-slate-grey"
                    testid="lap-no-1"
                  >
                    <div
                      class="child"
                      id="lap-no"
                    >
                      1
                       
                    </div>
                    <div
                      class="child"
                      id="is-active"
                    >
                      <input
                        checked=""
                        name="is-active"
                        type="checkbox"
                      />
                    </div>
                    <div
                      class="child text-green"
                      id="lap-time"
                    >
                      00:05:45
                    </div>
                    <div
                      class="child text-green"
                      id="lap-distance"
                    >
                      1.4
                    </div>
                    <div
                      class="child text-green"
                      id="lap-pace"
                    >
                      00:04:06
                    </div>
                    <button
                      class="btn btn-link-white"
                      data-placement="right"
                      data-toggle="tooltip"
                      title="Edit Lap"
                    >
                      <svg
                        class="bi bi-pencil-fill svg-align"
                        xmlns="http://www.w3.org/2000/svg"
                      >
                        <path
                          d="M12.854.146a.5.5 0 0 0-.707 0L10.5 1.793 14.207 5.5l1.647-1.646a.5.5 0 0 0 0-.708l-3-3zm.646 6.061L9.793 2.5 3.293 9H3.5a.5.5 0 0 1 .5.5v.5h.5a.5.5 0 0 1 .5.5v.5h.5a.5.5 0 0 1 .5.5v.5h.5a.5.5 0 0 1 .5.5v.207l6.5-6.5zm-7.468 7.468A.5.5 0 0 1 6 13.5V13h-.5a.5.5 0 0 1-.5-.5V12h-.5a.5.5 0 0 1-.5-.5V11h-.5a.5.5 0 0 1-.5-.5V10h-.5a.499.499 0 0 1-.175-.032l-.179.178a.5.5 0 0 0-.11.168l-2 5a.5.5 0 0 0 .65.65l5-2a.5.5 0 0 0 .168-.11l.178-.178z"
                        />
                      </svg>
                    </button>
                  </div>
                </div>
                <div
                  class="container"
                >
                  <button
                    class="btn btn-primary"
                    type="button"
                  >
                    + lap
                  </button>
                </div>
              </div>
            </div>
          </div>
          <div>
            <table
              id="lapTotals"
            >
              <tbody>
                <tr
                  class="background-lemon"
                >
                  <th />
                  <th>
                    Total
                  </th>
                  <th>
                    Active
                  </th>
                </tr>
                <tr>
                  <td
                    class="text-lemon"
                  >
                    Time:
                  </td>
                  <td
                    class="text-coral"
                    data-testid="total-time"
                  >
                    00:05:45
                  </td>
                  <td
                    class="text-green"
                    data-testid="active-time"
                  >
                    00:05:45
                  </td>
                </tr>
                <tr>
                  <td
                    class="text-lemon"
                  >
                    Dist:
                  </td>
                  <td
                    class="text-coral"
                    data-testid="total-distance"
                  >
                    1.4
                     Miles
                  </td>
                  <td
                    class="text-green"
                    data-testid="active-distance"
                  >
                    1.4
                     Miles
                  </td>
                </tr>
                <tr>
                  <td
                    class="text-lemon"
                  >
                    Pace:
                  </td>
                  <td
                    class="text-coral"
                    data-testid="total-pace"
                  >
                    00:04:06
                  </td>
                  <td
                    class="text-green"
                    data-testid="active-pace"
                  >
                    00:04:06
                  </td>
                </tr>
              </tbody>
            </table>
          </div>
        </div>
        <div
          class="run-container container"
        >
          <div
            class="flex-table run-row-header row"
          >
            <div
              class="col"
            >
              hoh
            </div>
            <div
              class="text-right col-4"
            >
               
              28/03/2021
            </div>
            <div
              class="col-2-run-header col-2"
            >
              <button
                class="btn btn-link"
                data-placement="right"
                data-toggle="tooltip"
                title="Edit Run"
              >
                <svg
                  class="bi bi-pencil-fill svg-align"
                  xmlns="http://www.w3.org/2000/svg"
                >
                  <path
                    d="M12.854.146a.5.5 0 0 0-.707 0L10.5 1.793 14.207 5.5l1.647-1.646a.5.5 0 0 0 0-.708l-3-3zm.646 6.061L9.793 2.5 3.293 9H3.5a.5.5 0 0 1 .5.5v.5h.5a.5.5 0 0 1 .5.5v.5h.5a.5.5 0 0 1 .5.5v.5h.5a.5.5 0 0 1 .5.5v.207l6.5-6.5zm-7.468 7.468A.5.5 0 0 1 6 13.5V13h-.5a.5.5 0 0 1-.5-.5V12h-.5a.5.5 0 0 1-.5-.5V11h-.5a.5.5 0 0 1-.5-.5V10h-.5a.499.499 0 0 1-.175-.032l-.179.178a.5.5 0 0 0-.11.168l-2 5a.5.5 0 0 0 .65.65l5-2a.5.5 0 0 0 .168-.11l.178-.178z"
                  />
                </svg>
              </button>
            </div>
          </div>
          <div
            class="accordion"
          >
            <button
              class="toggle-btn btn-bold btn-sm btn btn-link"
              data-placement="right"
              data-testid="expand-collapse-toggle"
              type="button"
            >
              <svg
                class="bi bi-chevron-expand svg-bold-align"
                viewBox="0 0 16 16"
                xmlns="http://www.w3.org/2000/svg"
              >
                <path
                  d="M3.646 9.146a.5.5 0 0 1 .708 0L8 12.793l3.646-3.647a.5.5 0 0 1 .708.708l-4 4a.5.5 0 0 1-.708 0l-4-4a.5.5 0 0 1 0-.708zm0-2.292a.5.5 0 0 0 .708 0L8 3.207l3.646 3.647a.5.5 0 0 0 .708-.708l-4-4a.5.5 0 0 0-.708 0l-4 4a.5.5 0 0 0 0 .708z"
                />
              </svg>
            </button>
            <div
              class="collapsing"
            >
              <div>
                <div
                  class="flex-table"
                >
                  <div
                    class="child"
                  >
                    Lap
                  </div>
                  <div
                    class="child"
                  >
                    Act?
                  </div>
                  <div
                    class="child"
                  >
                    Time
                  </div>
                  <div
                    class="child"
                  >
                    Dist
                  </div>
                  <div
                    class="child"
                  >
                    Pace
                  </div>
                  <div
                    class="child-wide"
                  />
                </div>
                <div>
                  <div
                    class="flex-container background-slate-grey"
                    testid="lap-no-1"
                  >
                    <div
                      class="child"
                      id="lap-no"
                    >
                      1
                       
                    </div>
                    <div
                      class="child"
                      id="is-active"
                    >
                      <input
                        checked=""
                        name="is-active"
                        type="checkbox"
                      />
                    </div>
                    <div
                      class="child text-green"
                      id="lap-time"
                    >
                      00:03:03
                    </div>
                    <div
                      class="child text-green"
                      id="lap-distance"
                    >
                      0.8
                    </div>
                    <div
                      class="child text-green"
                      id="lap-pace"
                    >
                      00:03:49
                    </div>
                    <button
                      class="btn btn-link-white"
                      data-placement="right"
                      data-toggle="tooltip"
                      title="Edit Lap"
                    >
                      <svg
                        class="bi bi-pencil-fill svg-align"
                        xmlns="http://www.w3.org/2000/svg"
                      >
                        <path
                          d="M12.854.146a.5.5 0 0 0-.707 0L10.5 1.793 14.207 5.5l1.647-1.646a.5.5 0 0 0 0-.708l-3-3zm.646 6.061L9.793 2.5 3.293 9H3.5a.5.5 0 0 1 .5.5v.5h.5a.5.5 0 0 1 .5.5v.5h.5a.5.5 0 0 1 .5.5v.5h.5a.5.5 0 0 1 .5.5v.207l6.5-6.5zm-7.468 7.468A.5.5 0 0 1 6 13.5V13h-.5a.5.5 0 0 1-.5-.5V12h-.5a.5.5 0 0 1-.5-.5V11h-.5a.5.5 0 0 1-.5-.5V10h-.5a.499.499 0 0 1-.175-.032l-.179.178a.5.5 0 0 0-.11.168l-2 5a.5.5 0 0 0 .65.65l5-2a.5.5 0 0 0 .168-.11l.178-.178z"
                        />
                      </svg>
                    </button>
                  </div>
                </div>
                <div>
                  <div
                    class="flex-container background-slate-grey"
                    testid="lap-no-2"
                  >
                    <div
                      class="child"
                      id="lap-no"
                    >
                      2
                       
                    </div>
                    <div
                      class="child"
                      id="is-active"
                    >
                      <input
                        name="is-active"
                        type="checkbox"
                      />
                    </div>
                    <div
                      class="child text-coral"
                      id="lap-time"
                    >
                      00:10:12
                    </div>
                    <div
                      class="child text-coral"
                      id="lap-distance"
                    >
                      6
                    </div>
                    <div
                      class="child text-coral"
                      id="lap-pace"
                    >
                      00:01:42
                    </div>
                    <button
                      class="btn btn-link-white"
                      data-placement="right"
                      data-toggle="tooltip"
                      title="Edit Lap"
                    >
                      <svg
                        class="bi bi-pencil-fill svg-align"
                        xmlns="http://www.w3.org/2000/svg"
                      >
                        <path
                          d="M12.854.146a.5.5 0 0 0-.707 0L10.5 1.793 14.207 5.5l1.647-1.646a.5.5 0 0 0 0-.708l-3-3zm.646 6.061L9.793 2.5 3.293 9H3.5a.5.5 0 0 1 .5.5v.5h.5a.5.5 0 0 1 .5.5v.5h.5a.5.5 0 0 1 .5.5v.5h.5a.5.5 0 0 1 .5.5v.207l6.5-6.5zm-7.468 7.468A.5.5 0 0 1 6 13.5V13h-.5a.5.5 0 0 1-.5-.5V12h-.5a.5.5 0 0 1-.5-.5V11h-.5a.5.5 0 0 1-.5-.5V10h-.5a.499.499 0 0 1-.175-.032l-.179.178a.5.5 0 0 0-.11.168l-2 5a.5.5 0 0 0 .65.65l5-2a.5.5 0 0 0 .168-.11l.178-.178z"
                        />
                      </svg>
                    </button>
                  </div>
                </div>
                <div
                  class="container"
                >
                  <button
                    class="btn btn-primary"
                    type="button"
                  >
                    + lap
                  </button>
                </div>
              </div>
            </div>
          </div>
          <div>
            <table
              id="lapTotals"
            >
              <tbody>
                <tr
                  class="background-lemon"
                >
                  <th />
                  <th>
                    Total
                  </th>
                  <th>
                    Active
                  </th>
                </tr>
                <tr>
                  <td
                    class="text-lemon"
                  >
                    Time:
                  </td>
                  <td
                    class="text-coral"
                    data-testid="total-time"
                  >
                    00:13:15
                  </td>
                  <td
                    class="text-green"
                    data-testid="active-time"
                  >
                    00:03:03
                  </td>
                </tr>
                <tr>
                  <td
                    class="text-lemon"
                  >
                    Dist:
                  </td>
                  <td
                    class="text-coral"
                    data-testid="total-distance"
                  >
                    6.8
                     Miles
                  </td>
                  <td
                    class="text-green"
                    data-testid="active-distance"
                  >
                    0.8
                     Miles
                  </td>
                </tr>
                <tr>
                  <td
                    class="text-lemon"
                  >
                    Pace:
                  </td>
                  <td
                    class="text-coral"
                    data-testid="total-pace"
                  >
                    00:01:57
                  </td>
                  <td
                    class="text-green"
                    data-testid="active-pace"
                  >
                    00:03:49
                  </td>
                </tr>
              </tbody>
            </table>
          </div>
        </div>
      </div>
    </div>
  </div>,
  "debug": [Function],
  "findAllByAltText": [Function],
  "findAllByDisplayValue": [Function],
  "findAllByLabelText": [Function],
  "findAllByPlaceholderText": [Function],
  "findAllByRole": [Function],
  "findAllByTestId": [Function],
  "findAllByText": [Function],
  "findAllByTitle": [Function],
  "findByAltText": [Function],
  "findByDisplayValue": [Function],
  "findByLabelText": [Function],
  "findByPlaceholderText": [Function],
  "findByRole": [Function],
  "findByTestId": [Function],
  "findByText": [Function],
  "findByTitle": [Function],
  "getAllByAltText": [Function],
  "getAllByDisplayValue": [Function],
  "getAllByLabelText": [Function],
  "getAllByPlaceholderText": [Function],
  "getAllByRole": [Function],
  "getAllByTestId": [Function],
  "getAllByText": [Function],
  "getAllByTitle": [Function],
  "getByAltText": [Function],
  "getByDisplayValue": [Function],
  "getByLabelText": [Function],
  "getByPlaceholderText": [Function],
  "getByRole": [Function],
  "getByTestId": [Function],
  "getByText": [Function],
  "getByTitle": [Function],
  "queryAllByAltText": [Function],
  "queryAllByDisplayValue": [Function],
  "queryAllByLabelText": [Function],
  "queryAllByPlaceholderText": [Function],
  "queryAllByRole": [Function],
  "queryAllByTestId": [Function],
  "queryAllByText": [Function],
  "queryAllByTitle": [Function],
  "queryByAltText": [Function],
  "queryByDisplayValue": [Function],
  "queryByLabelText": [Function],
  "queryByPlaceholderText": [Function],
  "queryByRole": [Function],
  "queryByTestId": [Function],
  "queryByText": [Function],
  "queryByTitle": [Function],
  "rerender": [Function],
  "unmount": [Function],
}
`;
